Archive member included because of file (symbol)

/home/local/bin/../lib/gcc-lib/h8300-hms/3.3.6/h8300h/int32/libgcc.a(_mulsi3.o)
                              timer.o (___mulsi3)
/home/local/bin/../lib/gcc-lib/h8300-hms/3.3.6/h8300h/int32/libgcc.a(_divsi3.o)
                              timer.o (___udivsi3)
/home/local/bin/../lib/gcc-lib/h8300-hms/3.3.6/../../../../h8300-hms/lib/h8300h/int32/libg.a(lib_a-strlen.o)
                              lcd.o (_strlen)

Allocating common symbols
Common symbol       size              file

redval              0x1               myLinetracer2.o
pwm_count           0x4               myLinetracer2.o
disp_flag           0x4               myLinetracer2.o
adbufdp             0x4               myLinetracer2.o
greenval            0x1               myLinetracer2.o
lcd_str_lower       0x11              myLinetracer2.o
adbuf               0x20              myLinetracer2.o
pwm_time            0x4               myLinetracer2.o
lcd_str_upper       0x11              myLinetracer2.o
disp_time           0x4               myLinetracer2.o
ad_time             0x4               myLinetracer2.o
control_time        0x4               myLinetracer2.o
key_time            0x4               myLinetracer2.o

Memory Configuration

Name             Origin             Length             Attributes
vectors          0x00ffe000         0x00000100
ram              0x00400000         0x001f0000

Linker script and memory map

LOAD ./ramcrt-ext.o
LOAD myLinetracer2.o
LOAD lcd.o
LOAD loader.o
LOAD random.o
LOAD ad.o
LOAD sci2.o
LOAD timer.o
LOAD /home/local/bin/../lib/gcc-lib/h8300-hms/3.3.6/h8300h/int32/libgcc.a
LOAD /home/local/bin/../lib/gcc-lib/h8300-hms/3.3.6/../../../../h8300-hms/lib/h8300h/int32/libg.a
LOAD /home/local/bin/../lib/gcc-lib/h8300-hms/3.3.6/../../../../h8300-hms/lib/h8300h/int32/libc.a
LOAD /home/local/bin/../lib/gcc-lib/h8300-hms/3.3.6/h8300h/int32/libgcc.a
                0x00ffff20                PROVIDE (_stack, 0xffff20)
                0x00600000                PROVIDE (__ext_stack, 0x600000)

.vectors        0x00ffe000      0x100
                0x00ffe000        0x4 LONG 0x400000 <code 340> (_start)
                0x00ffe004        0x4 LONG 0x400000 <code 340> (_start)
                0x00ffe008        0x4 LONG 0x400000 <code 340> (_start)
                0x00ffe00c        0x4 LONG 0x400000 <code 340> (_start)
                0x00ffe010        0x4 LONG 0x400000 <code 340> (_start)
                0x00ffe014        0x4 LONG 0x400000 <code 340> (_start)
                0x00ffe018        0x4 LONG 0x400000 <code 340> (_start)
                0x00ffe01c        0x4 LONG 0x400000 DEFINED (_int_nmi)?<code 340> (_int_nmi):<code 340> (_start)
                0x00ffe020        0x4 LONG 0x400000 DEFINED (_int_trap0)?<code 340> (_int_trap0):<code 340> (_start)
                0x00ffe024        0x4 LONG 0x400000 DEFINED (_int_trap1)?<code 340> (_int_trap1):<code 340> (_start)
                0x00ffe028        0x4 LONG 0x400000 DEFINED (_int_trap2)?<code 340> (_int_trap2):<code 340> (_start)
                0x00ffe02c        0x4 LONG 0x400000 DEFINED (_int_trap3)?<code 340> (_int_trap3):<code 340> (_start)
                0x00ffe030        0x4 LONG 0x400000 DEFINED (_int_irq0)?<code 340> (_int_irq0):<code 340> (_start)
                0x00ffe034        0x4 LONG 0x400000 DEFINED (_int_irq1)?<code 340> (_int_irq1):<code 340> (_start)
                0x00ffe038        0x4 LONG 0x400000 DEFINED (_int_irq2)?<code 340> (_int_irq2):<code 340> (_start)
                0x00ffe03c        0x4 LONG 0x400000 DEFINED (_int_irq3)?<code 340> (_int_irq3):<code 340> (_start)
                0x00ffe040        0x4 LONG 0x400000 DEFINED (_int_irq4)?<code 340> (_int_irq4):<code 340> (_start)
                0x00ffe044        0x4 LONG 0x400000 DEFINED (_int_irq5)?<code 340> (_int_irq5):<code 340> (_start)
                0x00ffe048        0x4 LONG 0x400000 <code 340> (_start)
                0x00ffe04c        0x4 LONG 0x400000 <code 340> (_start)
                0x00ffe050        0x4 LONG 0x400000 DEFINED (_int_wovi)?<code 340> (_int_wovi):<code 340> (_start)
                0x00ffe054        0x4 LONG 0x400000 <code 340> (_start)
                0x00ffe058        0x4 LONG 0x400000 <code 340> (_start)
                0x00ffe05c        0x4 LONG 0x40026e DEFINED (_int_adi)?<code 340> (_int_adi):<code 340> (_start)
                0x00ffe060        0x4 LONG 0x400174 DEFINED (_int_imia0)?<code 340> (_int_imia0):<code 340> (_start)
                0x00ffe064        0x4 LONG 0x400000 DEFINED (_int_imib0)?<code 340> (_int_imib0):<code 340> (_start)
                0x00ffe068        0x4 LONG 0x400000 DEFINED (_int_ovi0)?<code 340> (_int_ovi0):<code 340> (_start)
                0x00ffe06c        0x4 LONG 0x400000 <code 340> (_start)
                0x00ffe070        0x4 LONG 0x400000 DEFINED (_int_imia1)?<code 340> (_int_imia1):<code 340> (_start)
                0x00ffe074        0x4 LONG 0x400000 DEFINED (_int_imib1)?<code 340> (_int_imib1):<code 340> (_start)
                0x00ffe078        0x4 LONG 0x400000 DEFINED (_int_ovi1)?<code 340> (_int_ovi1):<code 340> (_start)
                0x00ffe07c        0x4 LONG 0x400000 <code 340> (_start)
                0x00ffe080        0x4 LONG 0x400000 DEFINED (_int_imia2)?<code 340> (_int_imia2):<code 340> (_start)
                0x00ffe084        0x4 LONG 0x400000 DEFINED (_int_imib2)?<code 340> (_int_imib2):<code 340> (_start)
                0x00ffe088        0x4 LONG 0x400000 DEFINED (_int_ovi2)?<code 340> (_int_ovi2):<code 340> (_start)
                0x00ffe08c        0x4 LONG 0x400000 <code 340> (_start)
                0x00ffe090        0x4 LONG 0x400000 DEFINED (_int_cmia0)?<code 340> (_int_cmia0):<code 340> (_start)
                0x00ffe094        0x4 LONG 0x400000 DEFINED (_int_cmib0)?<code 340> (_int_cmib0):<code 340> (_start)
                0x00ffe098        0x4 LONG 0x400000 DEFINED (_int_cmia1_cmib1)?<code 340> (_int_cmia1_cmib1):<code 340> (_start)
                0x00ffe09c        0x4 LONG 0x400000 DEFINED (_int_tovi0_tovi1)?<code 340> (_int_tovi0_tovi1):<code 340> (_start)
                0x00ffe0a0        0x4 LONG 0x400000 DEFINED (_int_cmia2)?<code 340> (_int_cmia2):<code 340> (_start)
                0x00ffe0a4        0x4 LONG 0x400000 DEFINED (_int_cmib2)?<code 340> (_int_cmib2):<code 340> (_start)
                0x00ffe0a8        0x4 LONG 0x400000 DEFINED (_int_cmia3_cmib3)?<code 340> (_int_cmia3_cmib3):<code 340> (_start)
                0x00ffe0ac        0x4 LONG 0x400000 DEFINED (_int_tovi2_tovi3)?<code 340> (_int_tovi2_tovi3):<code 340> (_start)
                0x00ffe0b0        0x4 LONG 0x400000 <code 340> (_start)
                0x00ffe0b4        0x4 LONG 0x400000 <code 340> (_start)
                0x00ffe0b8        0x4 LONG 0x400000 <code 340> (_start)
                0x00ffe0bc        0x4 LONG 0x400000 <code 340> (_start)
                0x00ffe0c0        0x4 LONG 0x400000 <code 340> (_start)
                0x00ffe0c4        0x4 LONG 0x400000 <code 340> (_start)
                0x00ffe0c8        0x4 LONG 0x400000 <code 340> (_start)
                0x00ffe0cc        0x4 LONG 0x400000 <code 340> (_start)
                0x00ffe0d0        0x4 LONG 0x400000 DEFINED (_int_eri0)?<code 340> (_int_eri0):<code 340> (_start)
                0x00ffe0d4        0x4 LONG 0x400000 DEFINED (_int_rxi0)?<code 340> (_int_rxi0):<code 340> (_start)
                0x00ffe0d8        0x4 LONG 0x400000 DEFINED (_int_txi0)?<code 340> (_int_txi0):<code 340> (_start)
                0x00ffe0dc        0x4 LONG 0x400000 DEFINED (_int_tei0)?<code 340> (_int_tei0):<code 340> (_start)
                0x00ffe0e0        0x4 LONG 0x400000 DEFINED (_int_eri1)?<code 340> (_int_eri1):<code 340> (_start)
                0x00ffe0e4        0x4 LONG 0x400000 DEFINED (_int_rxi1)?<code 340> (_int_rxi1):<code 340> (_start)
                0x00ffe0e8        0x4 LONG 0x400000 DEFINED (_int_txi1)?<code 340> (_int_txi1):<code 340> (_start)
                0x00ffe0ec        0x4 LONG 0x400000 DEFINED (_int_tei1)?<code 340> (_int_tei1):<code 340> (_start)
                0x00ffe0f0        0x4 LONG 0x400000 <code 340> (_start)
                0x00ffe0f4        0x4 LONG 0x400000 <code 340> (_start)
                0x00ffe0f8        0x4 LONG 0x400000 <code 340> (_start)
                0x00ffe0fc        0x4 LONG 0x400000 <code 340> (_start)

.text           0x00400000     0x10b8
                0x00400000                __text_start = .
 *(.text)
 .text          0x00400000        0xe ./ramcrt-ext.o
                0x00400000                _start
 .text          0x0040000e      0x40e myLinetracer2.o
                0x0040026e                _int_adi
                0x0040030a                _ad_read
                0x00400174                _int_imia0
                0x00400410                _control_proc
                0x00400394                _pwm_proc
                0x0040000e                _main
 .text          0x0040041c      0x1b0 lcd.o
                0x0040041c                _lcd_init
                0x004005a4                _wait1ms
                0x00400516                _lcd_printstr
                0x0040055c                _lcd_printch
                0x004004a8                _lcd_cursor
                0x004004fa                _lcd_clear
                0x0040056e                _lcd_putch
 .text          0x004005cc      0x3c0 loader.o
                0x0040097e                _call
                0x00400660                _sload
 .text          0x0040098c       0x50 random.o
                0x00400998                _random
                0x0040098c                _random_init
 .text          0x004009dc       0x82 ad.o
                0x004009dc                _ad_init
                0x00400a1e                _ad_scan
                0x00400a46                _ad_stop
                0x004009f8                _ad_start
 .text          0x00400a5e      0x1b0 sci2.o
                0x00400bf4                _putch
                0x00400a8a                _numtohex
                0x00400b8a                _putstr
                0x00400abe                _gethex
                0x00400b14                _getch
                0x00400a5e                _init_sci2
                0x00400aa4                _hextonum
 .text          0x00400c0e      0x2ca timer.o
                0x00400c0e                _timer_set
                0x00400e80                _timer_init
                0x00400e2a                _timer_start
                0x00400e54                _timer_stop
                0x00400eb0                _timer_intflag_reset
 .text          0x00400ed8       0x18 /home/local/bin/../lib/gcc-lib/h8300-hms/3.3.6/h8300h/int32/libgcc.a(_mulsi3.o)
                0x00400ed8                ___mulsi3
 .text          0x00400ef0       0xc8 /home/local/bin/../lib/gcc-lib/h8300-hms/3.3.6/h8300h/int32/libgcc.a(_divsi3.o)
                0x00400f3c                ___umodsi3
                0x00400f50                ___divsi3
                0x00400f16                ___modsi3
                0x00400f2a                ___udivsi3
 .text          0x00400fb8       0x3c /home/local/bin/../lib/gcc-lib/h8300-hms/3.3.6/../../../../h8300-hms/lib/h8300h/int32/libg.a(lib_a-strlen.o)
                0x00400fb8                _strlen
 *(.rodata)
 .rodata        0x00400ff4       0xc4 loader.o
 *(.strings)
                0x004010b8                __text_end = .

.tors           0x004010b8        0x0
                0x004010b8                ___ctors = .
 *(.ctors)
                0x004010b8                ___ctors_end = .
                0x004010b8                ___dtors = .
 *(.dtors)
                0x004010b8                ___dtors_end = .

.data           0x004010b8        0x0
                0x004010b8                __data_start = .
 *(.data)
                0x004010b8                __edata = .

.bss            0x004010c0       0x94
                0x004010c0                __bss_start = .
 *(.bss)
 *(COMMON)
 COMMON         0x004010c0       0x94 myLinetracer2.o
                0x004010c0                _redval
                0x004010c4                _pwm_count
                0x004010c8                _disp_flag
                0x004010cc                _adbufdp
                0x004010d0                _greenval
                0x004010e0                _lcd_str_lower
                0x00401100                _adbuf
                0x00401120                _pwm_time
                0x00401130                _lcd_str_upper
                0x00401144                _disp_time
                0x00401148                _ad_time
                0x0040114c                _control_time
                0x00401150                _key_time
                0x00401154                __bss_end = .
OUTPUT(test.coff coff-h8300)
