Archive member included because of file (symbol)

/home/local/bin/../lib/gcc-lib/h8300-hms/3.3.6/h8300h/int32/libgcc.a(_divsi3.o)
                              myLinetracer.o (___modsi3)
/home/local/bin/../lib/gcc-lib/h8300-hms/3.3.6/h8300h/int32/libgcc.a(_mulsi3.o)
                              timer.o (___mulsi3)
/home/local/bin/../lib/gcc-lib/h8300-hms/3.3.6/../../../../h8300-hms/lib/h8300h/int32/libg.a(lib_a-memcpy.o)
                              myLinetracer.o (_memcpy)
/home/local/bin/../lib/gcc-lib/h8300-hms/3.3.6/../../../../h8300-hms/lib/h8300h/int32/libg.a(lib_a-strlen.o)
                              lcd.o (_strlen)

Allocating common symbols
Common symbol       size              file

oldstatebufdp       0x4               myLinetracer.o
pwm_count           0x4               myLinetracer.o
disp_flag           0x4               myLinetracer.o
adbufdp             0x4               myLinetracer.o
oldstatebuf         0x50              myLinetracer.o
ad_left_sensor      0x4               myLinetracer.o
adbuf               0x20              myLinetracer.o
ad_right_sensor     0x4               myLinetracer.o
pwm_time            0x4               myLinetracer.o
lcd_str_upper       0x9               myLinetracer.o
wait_time           0x4               myLinetracer.o
disp_time           0x4               myLinetracer.o
ad_time             0x4               myLinetracer.o
control_time        0x4               myLinetracer.o
r_ct                0x4               myLinetracer.o
l_ct                0x4               myLinetracer.o

Memory Configuration

Name             Origin             Length             Attributes
vectors          0x00ffe000         0x00000100
ram              0x00400000         0x001f0000

Linker script and memory map

LOAD ./ramcrt-ext.o
LOAD myLinetracer.o
LOAD lcd.o
LOAD random.o
LOAD ad.o
LOAD sci2.o
LOAD timer.o
LOAD /home/local/bin/../lib/gcc-lib/h8300-hms/3.3.6/h8300h/int32/libgcc.a
LOAD /home/local/bin/../lib/gcc-lib/h8300-hms/3.3.6/../../../../h8300-hms/lib/h8300h/int32/libg.a
LOAD /home/local/bin/../lib/gcc-lib/h8300-hms/3.3.6/../../../../h8300-hms/lib/h8300h/int32/libc.a
LOAD /home/local/bin/../lib/gcc-lib/h8300-hms/3.3.6/h8300h/int32/libgcc.a
                0x00ffff20                PROVIDE (_stack, 0xffff20)
                0x00600000                PROVIDE (__ext_stack, 0x600000)

.vectors        0x00ffe000      0x100
                0x00ffe000        0x4 LONG 0x400000 <code 340> (_start)
                0x00ffe004        0x4 LONG 0x400000 <code 340> (_start)
                0x00ffe008        0x4 LONG 0x400000 <code 340> (_start)
                0x00ffe00c        0x4 LONG 0x400000 <code 340> (_start)
                0x00ffe010        0x4 LONG 0x400000 <code 340> (_start)
                0x00ffe014        0x4 LONG 0x400000 <code 340> (_start)
                0x00ffe018        0x4 LONG 0x400000 <code 340> (_start)
                0x00ffe01c        0x4 LONG 0x400000 DEFINED (_int_nmi)?<code 340> (_int_nmi):<code 340> (_start)
                0x00ffe020        0x4 LONG 0x400000 DEFINED (_int_trap0)?<code 340> (_int_trap0):<code 340> (_start)
                0x00ffe024        0x4 LONG 0x400000 DEFINED (_int_trap1)?<code 340> (_int_trap1):<code 340> (_start)
                0x00ffe028        0x4 LONG 0x400000 DEFINED (_int_trap2)?<code 340> (_int_trap2):<code 340> (_start)
                0x00ffe02c        0x4 LONG 0x400000 DEFINED (_int_trap3)?<code 340> (_int_trap3):<code 340> (_start)
                0x00ffe030        0x4 LONG 0x400000 DEFINED (_int_irq0)?<code 340> (_int_irq0):<code 340> (_start)
                0x00ffe034        0x4 LONG 0x400000 DEFINED (_int_irq1)?<code 340> (_int_irq1):<code 340> (_start)
                0x00ffe038        0x4 LONG 0x400000 DEFINED (_int_irq2)?<code 340> (_int_irq2):<code 340> (_start)
                0x00ffe03c        0x4 LONG 0x400000 DEFINED (_int_irq3)?<code 340> (_int_irq3):<code 340> (_start)
                0x00ffe040        0x4 LONG 0x400000 DEFINED (_int_irq4)?<code 340> (_int_irq4):<code 340> (_start)
                0x00ffe044        0x4 LONG 0x400000 DEFINED (_int_irq5)?<code 340> (_int_irq5):<code 340> (_start)
                0x00ffe048        0x4 LONG 0x400000 <code 340> (_start)
                0x00ffe04c        0x4 LONG 0x400000 <code 340> (_start)
                0x00ffe050        0x4 LONG 0x400000 DEFINED (_int_wovi)?<code 340> (_int_wovi):<code 340> (_start)
                0x00ffe054        0x4 LONG 0x400000 <code 340> (_start)
                0x00ffe058        0x4 LONG 0x400000 <code 340> (_start)
                0x00ffe05c        0x4 LONG 0x400206 DEFINED (_int_adi)?<code 340> (_int_adi):<code 340> (_start)
                0x00ffe060        0x4 LONG 0x4000fa DEFINED (_int_imia0)?<code 340> (_int_imia0):<code 340> (_start)
                0x00ffe064        0x4 LONG 0x400000 DEFINED (_int_imib0)?<code 340> (_int_imib0):<code 340> (_start)
                0x00ffe068        0x4 LONG 0x400000 DEFINED (_int_ovi0)?<code 340> (_int_ovi0):<code 340> (_start)
                0x00ffe06c        0x4 LONG 0x400000 <code 340> (_start)
                0x00ffe070        0x4 LONG 0x400000 DEFINED (_int_imia1)?<code 340> (_int_imia1):<code 340> (_start)
                0x00ffe074        0x4 LONG 0x400000 DEFINED (_int_imib1)?<code 340> (_int_imib1):<code 340> (_start)
                0x00ffe078        0x4 LONG 0x400000 DEFINED (_int_ovi1)?<code 340> (_int_ovi1):<code 340> (_start)
                0x00ffe07c        0x4 LONG 0x400000 <code 340> (_start)
                0x00ffe080        0x4 LONG 0x400000 DEFINED (_int_imia2)?<code 340> (_int_imia2):<code 340> (_start)
                0x00ffe084        0x4 LONG 0x400000 DEFINED (_int_imib2)?<code 340> (_int_imib2):<code 340> (_start)
                0x00ffe088        0x4 LONG 0x400000 DEFINED (_int_ovi2)?<code 340> (_int_ovi2):<code 340> (_start)
                0x00ffe08c        0x4 LONG 0x400000 <code 340> (_start)
                0x00ffe090        0x4 LONG 0x400000 DEFINED (_int_cmia0)?<code 340> (_int_cmia0):<code 340> (_start)
                0x00ffe094        0x4 LONG 0x400000 DEFINED (_int_cmib0)?<code 340> (_int_cmib0):<code 340> (_start)
                0x00ffe098        0x4 LONG 0x400000 DEFINED (_int_cmia1_cmib1)?<code 340> (_int_cmia1_cmib1):<code 340> (_start)
                0x00ffe09c        0x4 LONG 0x400000 DEFINED (_int_tovi0_tovi1)?<code 340> (_int_tovi0_tovi1):<code 340> (_start)
                0x00ffe0a0        0x4 LONG 0x400000 DEFINED (_int_cmia2)?<code 340> (_int_cmia2):<code 340> (_start)
                0x00ffe0a4        0x4 LONG 0x400000 DEFINED (_int_cmib2)?<code 340> (_int_cmib2):<code 340> (_start)
                0x00ffe0a8        0x4 LONG 0x400000 DEFINED (_int_cmia3_cmib3)?<code 340> (_int_cmia3_cmib3):<code 340> (_start)
                0x00ffe0ac        0x4 LONG 0x400000 DEFINED (_int_tovi2_tovi3)?<code 340> (_int_tovi2_tovi3):<code 340> (_start)
                0x00ffe0b0        0x4 LONG 0x400000 <code 340> (_start)
                0x00ffe0b4        0x4 LONG 0x400000 <code 340> (_start)
                0x00ffe0b8        0x4 LONG 0x400000 <code 340> (_start)
                0x00ffe0bc        0x4 LONG 0x400000 <code 340> (_start)
                0x00ffe0c0        0x4 LONG 0x400000 <code 340> (_start)
                0x00ffe0c4        0x4 LONG 0x400000 <code 340> (_start)
                0x00ffe0c8        0x4 LONG 0x400000 <code 340> (_start)
                0x00ffe0cc        0x4 LONG 0x400000 <code 340> (_start)
                0x00ffe0d0        0x4 LONG 0x400000 DEFINED (_int_eri0)?<code 340> (_int_eri0):<code 340> (_start)
                0x00ffe0d4        0x4 LONG 0x400000 DEFINED (_int_rxi0)?<code 340> (_int_rxi0):<code 340> (_start)
                0x00ffe0d8        0x4 LONG 0x400000 DEFINED (_int_txi0)?<code 340> (_int_txi0):<code 340> (_start)
                0x00ffe0dc        0x4 LONG 0x400000 DEFINED (_int_tei0)?<code 340> (_int_tei0):<code 340> (_start)
                0x00ffe0e0        0x4 LONG 0x400000 DEFINED (_int_eri1)?<code 340> (_int_eri1):<code 340> (_start)
                0x00ffe0e4        0x4 LONG 0x400000 DEFINED (_int_rxi1)?<code 340> (_int_rxi1):<code 340> (_start)
                0x00ffe0e8        0x4 LONG 0x400000 DEFINED (_int_txi1)?<code 340> (_int_txi1):<code 340> (_start)
                0x00ffe0ec        0x4 LONG 0x400000 DEFINED (_int_tei1)?<code 340> (_int_tei1):<code 340> (_start)
                0x00ffe0f0        0x4 LONG 0x400000 <code 340> (_start)
                0x00ffe0f4        0x4 LONG 0x400000 <code 340> (_start)
                0x00ffe0f8        0x4 LONG 0x400000 <code 340> (_start)
                0x00ffe0fc        0x4 LONG 0x400000 <code 340> (_start)

.text           0x00400000      0xfd2
                0x00400000                __text_start = .
 *(.text)
 .text          0x00400000        0xc ./ramcrt-ext.o
                                  0xe (size before relaxing)
                0x00400000                _start
 .text          0x0040000c      0x77c myLinetracer.o
                                0x780 (size before relaxing)
                0x00400206                _int_adi
                0x00400064                _all_init
                0x004002bc                _ad_read
                0x004000fa                _int_imia0
                0x0040048a                _control_proc
                0x00400346                _pwm_proc
                0x0040000c                _main
 .text          0x00400788      0x1a8 lcd.o
                                0x1b0 (size before relaxing)
                0x00400788                _lcd_init
                0x00400908                _wait1ms
                0x0040087e                _lcd_printstr
                0x004008c2                _lcd_printch
                0x00400814                _lcd_cursor
                0x00400864                _lcd_clear
                0x004008d2                _lcd_putch
 .text          0x00400930       0x50 random.o
                0x0040093c                _random
                0x00400930                _random_init
 .text          0x00400980       0x82 ad.o
                0x00400980                _ad_init
                0x004009c2                _ad_scan
                0x004009ea                _ad_stop
                0x0040099c                _ad_start
 .text          0x00400a02      0x1a6 sci2.o
                                0x1b0 (size before relaxing)
                0x00400b8e                _putch
                0x00400a2e                _numtohex
                0x00400b28                _putstr
                0x00400a62                _gethex
                0x00400ab4                _getch
                0x00400a02                _init_sci2
                0x00400a48                _hextonum
 .text          0x00400ba8      0x2ca timer.o
                0x00400ba8                _timer_set
                0x00400e1a                _timer_init
                0x00400dc4                _timer_start
                0x00400dee                _timer_stop
                0x00400e4a                _timer_intflag_reset
 .text          0x00400e72       0xc4 /home/local/bin/../lib/gcc-lib/h8300-hms/3.3.6/h8300h/int32/libgcc.a(_divsi3.o)
                                 0xc8 (size before relaxing)
                0x00400ebe                ___umodsi3
                0x00400ed2                ___divsi3
                0x00400e98                ___modsi3
                0x00400eac                ___udivsi3
 .text          0x00400f36       0x18 /home/local/bin/../lib/gcc-lib/h8300-hms/3.3.6/h8300h/int32/libgcc.a(_mulsi3.o)
                0x00400f36                ___mulsi3
 .text          0x00400f4e       0x2c /home/local/bin/../lib/gcc-lib/h8300-hms/3.3.6/../../../../h8300-hms/lib/h8300h/int32/libg.a(lib_a-memcpy.o)
                0x00400f4e                _memcpy
 .text          0x00400f7a       0x3c /home/local/bin/../lib/gcc-lib/h8300-hms/3.3.6/../../../../h8300-hms/lib/h8300h/int32/libg.a(lib_a-strlen.o)
                0x00400f7a                _strlen
 *(.rodata)
 .rodata        0x00400fb6       0x1c myLinetracer.o
 *(.strings)
                0x00400fd2                __text_end = .

.tors           0x00400fd2        0x0
                0x00400fd2                ___ctors = .
 *(.ctors)
                0x00400fd2                ___ctors_end = .
                0x00400fd2                ___dtors = .
 *(.dtors)
                0x00400fd2                ___dtors_end = .

.data           0x00400fd2        0xa
                0x00400fd2                __data_start = .
 *(.data)
 .data          0x00400fd2        0xa myLinetracer.o
                0x00400fd2                _lcd_str_lower
                0x00400fdc                __edata = .

.bss            0x00400fe0       0xbc
                0x00400fe0                __bss_start = .
 *(.bss)
 *(COMMON)
 COMMON         0x00400fe0       0xbc myLinetracer.o
                0x00400fe0                _oldstatebufdp
                0x00400fe4                _pwm_count
                0x00400fe8                _disp_flag
                0x00400fec                _adbufdp
                0x00400ff0                _oldstatebuf
                0x00401040                _ad_left_sensor
                0x00401050                _adbuf
                0x00401070                _ad_right_sensor
                0x00401074                _pwm_time
                0x00401078                _lcd_str_upper
                0x00401084                _wait_time
                0x00401088                _disp_time
                0x0040108c                _ad_time
                0x00401090                _control_time
                0x00401094                _r_ct
                0x00401098                _l_ct
                0x0040109c                __bss_end = .
OUTPUT(test.coff coff-h8300)
